
  .   ____          _            __ _ _
 /\\ / ___'_ __ _ _(_)_ __  __ _ \ \ \ \
( ( )\___ | '_ | '_| | '_ \/ _` | \ \ \ \
 \\/  ___)| |_)| | | | | || (_| |  ) ) ) )
  '  |____| .__|_| |_|_| |_\__, | / / / /
 =========|_|==============|___/=/_/_/_/

 :: Spring Boot ::                (v3.3.4)

2026-09-03 20:52:16.498 [main] INFO  com.bancoxyz.bff.atm.BffAtmApplication - Starting BffAtmApplication v1.0.0 using Java 21.0.12.1 with PID 2551 (/home/runner/work/Backend3_Exp2_S4_Grupo18/Backend3_Exp2_S4_Grupo18/bff-atm/target/bff-atm.jar started by runner in /home/runner/work/Backend3_Exp2_S4_Grupo18/Backend3_Exp2_S4_Grupo18)
2026-09-03 20:52:16.501 [main] INFO  com.bancoxyz.bff.atm.BffAtmApplication - No active profile set, falling back to 1 default profile: "default"
2026-09-03 20:52:17.533 [main] INFO  o.s.boot.web.embedded.tomcat.TomcatWebServer - Tomcat initialized with port 8083 (http)
2026-09-03 20:52:17.548 [main] INFO  org.apache.catalina.core.StandardService - Starting service [Tomcat]
2026-09-03 20:52:17.548 [main] INFO  org.apache.catalina.core.StandardEngine - Starting Servlet engine: [Apache Tomcat/10.1.30]
2026-09-03 20:52:17.579 [main] INFO  o.a.c.c.C.[Tomcat].[localhost].[/] - Initializing Spring embedded WebApplicationContext
2026-09-03 20:52:17.580 [main] INFO  o.s.b.w.s.c.ServletWebServerApplicationContext - Root WebApplicationContext: initialization completed in 1008 ms
2026-09-03 20:52:17.912 [main] INFO  o.s.boot.web.embedded.tomcat.TomcatWebServer - Tomcat started on port 8083 (http) with context path '/'
2026-09-03 20:52:17.924 [main] INFO  com.bancoxyz.bff.atm.BffAtmApplication - Started BffAtmApplication in 1.902 seconds (process running for 2.338)
2026-09-03 20:52:18.676 [http-nio-8083-exec-1] INFO  o.a.c.c.C.[Tomcat].[localhost].[/] - Initializing Spring DispatcherServlet 'dispatcherServlet'
2026-09-03 20:52:18.677 [http-nio-8083-exec-1] INFO  o.s.web.servlet.DispatcherServlet - Initializing Servlet 'dispatcherServlet'
2026-09-03 20:52:18.678 [http-nio-8083-exec-1] INFO  o.s.web.servlet.DispatcherServlet - Completed initialization in 1 ms
2026-09-03 20:52:25.082 [http-nio-8083-exec-5] INFO  c.b.bff.atm.controller.CuentaAtmController - Retiro confirmado: cuenta=105 monto=1000.0 nuevoSaldo=9000.0
